
> @zsz1210/workkeel@0.1.0-alpha.33 verify
> npm run check && npm run test:full


> @zsz1210/workkeel@0.1.0-alpha.33 check
> node scripts/check-repo.mjs && node scripts/check-doc-links.mjs && node scripts/check-package.mjs

Repository checks passed (118 overlay files, 10 Positions).
Documentation link checks passed.
Package boundary verified: 490 files, 1107770 bytes packed, 4314941 bytes unpacked.

> @zsz1210/workkeel@0.1.0-alpha.33 test:full
> node scripts/test-groups.mjs full

full: 134 test files. 
....................
....................
....................
....................
....................
....................
....................
....................
....................
....................
....................
....................
....................
....................
....................
....................
....................
....................
....................
....................
....................
....................
....................
....................
....................
....................
....................
....................
....................
....................
....................
....................
....................
....................
....................
....................
....................
....................
....................
....................
....................
....................
....................
....................
....................
....................
....................
....................
....................
....................
....................
....................
....................
....................
....................
....................
....................
....................
....................
....................
....................
....................
....................
....................
....................
....................
....................
....................
....................
.......
real 347.10
user 1622.83
sys 751.30
