
> @zsz1210/temple-ai-dev-org@0.1.0-alpha.33 verify
> npm run check && npm run test:full


> @zsz1210/temple-ai-dev-org@0.1.0-alpha.33 check
> node scripts/check-repo.mjs && node scripts/check-doc-links.mjs && node scripts/check-package.mjs

Repository checks passed (118 overlay files, 10 Positions).
Documentation link checks passed.
Package boundary verified: 462 files, 1051634 bytes packed, 4050170 bytes unpacked.

> @zsz1210/temple-ai-dev-org@0.1.0-alpha.33 test:full
> node scripts/test-groups.mjs full

full: 128 test files.
....................
....................
....................
....................
....................
....................
....................
....................
....................
....................
....................
....................
....................
....................
....................
....................
....................
....................
....................
....................
....................
....................
....................
....................
....................
....................
....................
....................
....................
....................
....................
....................
....................
....................
....................
....................
....................
....................
....................
....................
....................
....................
....................
....................
....................
....................
....................
....................
....................
....................
....................
....................
....................
....................
....................
....................
....................
....................
....................
....................
....................
....................
....................
....................
....................
....................
................
real 328.76
user 1566.37
sys 721.68
