
> @zsz1210/workkeel@0.1.0-alpha.33 verify
> npm run check && npm run test:full


> @zsz1210/workkeel@0.1.0-alpha.33 check
> node scripts/check-repo.mjs && node scripts/check-doc-links.mjs && node scripts/check-package.mjs

Repository checks passed (118 overlay files, 10 Positions).
Documentation link checks passed.
Package boundary verified: 469 files, 1060929 bytes packed, 4088513 bytes unpacked.

> @zsz1210/workkeel@0.1.0-alpha.33 test:full
> node scripts/test-groups.mjs full

full: 131 test files. 
....................
....................
....................
....................
....................
....................
....................
....................
....................
....................
....................
....................
....................
....................
....................
....................
....................
....................
....................
....................
....................
....................
....................
....................
....................
....................
....................
....................
....................
....................
....................
....................
....................
....................
....................
....................
....................
....................
....................
....................
....................
....................
....................
....................
....................
....................
....................
....................
....................
....................
....................
....................
....................
....................
....................
....................
....................
....................
....................
....................
....................
....................
....................
....................
....................
....................
....................
............
real 335.35
user 1605.39
sys 733.67
