
> @zsz1210/workkeel@0.1.0-alpha.33 verify
> npm run check && npm run test:full


> @zsz1210/workkeel@0.1.0-alpha.33 check
> node scripts/check-repo.mjs && node scripts/check-doc-links.mjs && node scripts/check-package.mjs

Repository checks passed (118 overlay files, 10 Positions).
Documentation link checks passed.
Package boundary verified: 487 files, 1113114 bytes packed, 4274703 bytes unpacked.

> @zsz1210/workkeel@0.1.0-alpha.33 test:full
> node scripts/test-groups.mjs full

full: 135 test files. 
....................
....................
....................
....................
....................
....................
....................
....................
....................
....................
....................
....................
....................
....................
....................
....................
....................
....................
....................
....................
....................
....................
....................
....................
....................
....................
....................
....................
....................
....................
....................
....................
....................
....................
....................
....................
....................
....................
....................
....................
....................
....................
....................
....................
....................
....................
....................
....................
....................
....................
....................
....................
....................
....................
....................
....................
....................
....................
....................
....................
....................
....................
....................
....................
....................
....................
....................
....................
....................
............
